2025-03-05 19:10:16,309 - INFO - Loading and chunking data...
2025-03-05 19:10:18,221 - INFO - Loading pre-trained tokenizer...
2025-03-05 19:10:18,938 - INFO - Splitting dataset...
2025-03-05 19:10:18,949 - INFO - Loading pre-trained model...
2025-03-05 19:10:20,112 - INFO - Model loaded with 125.23M parameters
2025-03-05 19:10:20,112 - INFO - Tokenizing dataset...
2025-03-05 19:10:44,247 - INFO - Dataset features: DatasetDict({
    train: Dataset({
        features: ['input_ids', 'attention_mask'],
        num_rows: 83398
    })
    test: Dataset({
        features: ['input_ids', 'attention_mask'],
        num_rows: 4390
    })
})
2025-03-05 19:10:44,613 - INFO - GPU memory allocated: 0.52 GB
2025-03-05 19:10:44,613 - INFO - Starting training...
2025-03-05 19:13:24,223 - INFO - Step 100 | Loss: 3.4068 | Eval Loss: N/A | Learning Rate: 2.00e-04
2025-03-05 19:15:51,702 - INFO - Step 200 | Loss: 2.7666 | Eval Loss: N/A | Learning Rate: 4.00e-04
2025-03-05 19:18:01,820 - INFO - Step 250 | Loss: N/A | Eval Loss: 2.6576 | Learning Rate: N/A
2025-03-05 19:18:02,276 - INFO - Inference at step 250 | Prompt: 'Европа ' | Generated: Европа  на Украине.
На фото: встреча министра иностранных дел Венгрии Шёрека в Овальном офисе МИД Венгрии.
Лавров в Овальном офисе МИД Венгрии.
В понедельник премьер-министр Венгрии ранее пообещал, что Венгрия намерена "обрис
2025-03-05 19:19:22,100 - INFO - Step 300 | Loss: 2.7754 | Eval Loss: N/A | Learning Rate: 5.00e-04
2025-03-05 19:21:49,278 - INFO - Step 400 | Loss: 2.7115 | Eval Loss: N/A | Learning Rate: 4.99e-04
2025-03-05 19:24:17,066 - INFO - Step 500 | Loss: 2.6797 | Eval Loss: N/A | Learning Rate: 4.98e-04
2025-03-05 19:25:10,767 - INFO - Step 500 | Loss: N/A | Eval Loss: 2.5689 | Learning Rate: N/A
2025-03-05 19:25:11,111 - INFO - Inference at step 500 | Prompt: 'Европа ' | Generated: Европа 
Иностранные военные получили по 5 миллионов долларов за помощь Украине МОСКВА, 7 фев — РИА Новости. Более половины (около 7 миллиардов долларов) по внешней политике получили от США за помощь Украине, следует из опубликованного в четверг документа внешней разведки
2025-03-05 19:27:40,183 - INFO - Step 600 | Loss: 2.6375 | Eval Loss: N/A | Learning Rate: 4.96e-04
2025-03-05 19:30:08,931 - INFO - Step 700 | Loss: 2.5994 | Eval Loss: N/A | Learning Rate: 4.94e-04
2025-03-05 19:32:16,190 - INFO - Step 750 | Loss: N/A | Eval Loss: 2.5121 | Learning Rate: N/A
2025-03-05 19:32:16,540 - INFO - Inference at step 750 | Prompt: 'Европа ' | Generated: Европа  будет вести боевые действия в будущем, при этом Россия открыта для мирного урегулирования украинского кризиса.
"Сейчас на данный момент нет какого-то сценария. Мы закрываем вопрос, который стоит на повестке дня, и когда мы уйдем от конфликта, то
2025-03-05 19:33:32,487 - INFO - Step 800 | Loss: 2.6074 | Eval Loss: N/A | Learning Rate: 4.91e-04
2025-03-05 19:35:59,604 - INFO - Step 900 | Loss: 2.5709 | Eval Loss: N/A | Learning Rate: 4.87e-04
2025-03-05 19:38:26,712 - INFO - Step 1000 | Loss: 2.5658 | Eval Loss: N/A | Learning Rate: 4.83e-04
2025-03-05 19:39:22,377 - INFO - Step 1000 | Loss: N/A | Eval Loss: 2.4630 | Learning Rate: N/A
2025-03-05 19:39:22,729 - INFO - Inference at step 1000 | Prompt: 'Европа ' | Generated: Европа  в качестве кандидата в канцлеры.
В субботу парламент Испании большинством голосов большинством голосов большинством голосов принял решение о формировании нового в правительственную коалицию в блоке.
Согласно данным избиркомов, принятым большинством голосов, с 4 ноября 2024
2025-03-05 19:41:51,444 - INFO - Step 1100 | Loss: 2.5492 | Eval Loss: N/A | Learning Rate: 4.78e-04
2025-03-05 19:44:18,456 - INFO - Step 1200 | Loss: 2.5170 | Eval Loss: N/A | Learning Rate: 4.72e-04
2025-03-05 19:46:26,988 - INFO - Step 1250 | Loss: N/A | Eval Loss: 2.4322 | Learning Rate: N/A
2025-03-05 19:46:27,401 - INFO - Inference at step 1250 | Prompt: 'Европа ' | Generated: Европа  с населением больше 1,3 миллиона человек. Жители новых регионов РФ, которые ранее не проявляли политической воли присоединиться к антироссийской резолюции, должны на референдуме 20 марта принять участие в референдуме. За вхождение в ЕС высказались 99 стран
2025-03-05 19:47:41,927 - INFO - Step 1300 | Loss: 2.5234 | Eval Loss: N/A | Learning Rate: 4.66e-04
2025-03-05 19:50:36,655 - INFO - Step 1400 | Loss: 2.2945 | Eval Loss: N/A | Learning Rate: 4.60e-04
2025-03-05 19:53:07,207 - INFO - Step 1500 | Loss: 2.3164 | Eval Loss: N/A | Learning Rate: 4.52e-04
2025-03-05 19:54:01,459 - INFO - Step 1500 | Loss: N/A | Eval Loss: 2.4327 | Learning Rate: N/A
2025-03-05 19:54:01,821 - INFO - Inference at step 1500 | Prompt: 'Европа ' | Generated: Европа  может столкнуться с очередным витком эскалации, ведь для Запада не имеет ни малейшей перспективы, ни малейшей перспективы.
Президент РФ Владимир Путин напомнил, что США уже были крупнейшим держателем "Большой семерки" (Большой семерки), и Москва неизменно поддержи
2025-03-05 19:56:33,963 - INFO - Step 1600 | Loss: 2.3164 | Eval Loss: N/A | Learning Rate: 4.45e-04
2025-03-05 19:59:04,326 - INFO - Step 1700 | Loss: 2.3284 | Eval Loss: N/A | Learning Rate: 4.37e-04
2025-03-05 20:01:14,499 - INFO - Step 1750 | Loss: N/A | Eval Loss: 2.4095 | Learning Rate: N/A
2025-03-05 20:01:14,903 - INFO - Inference at step 1750 | Prompt: 'Европа ' | Generated: Европа  хочет лишить Россию доступа к месторождениям редкоземельных металлов в Арктике МОСКВА, 6 июл — РИА Новости. США, Россия и Европа должны лишить Россию доступа к месторождениям редкоземельных металлов в Арктике, заявила газета Financial Times
2025-03-05 20:02:31,003 - INFO - Step 1800 | Loss: 2.3220 | Eval Loss: N/A | Learning Rate: 4.28e-04
2025-03-05 20:05:01,291 - INFO - Step 1900 | Loss: 2.3228 | Eval Loss: N/A | Learning Rate: 4.19e-04
2025-03-05 20:07:33,041 - INFO - Step 2000 | Loss: 2.3242 | Eval Loss: N/A | Learning Rate: 4.10e-04
2025-03-05 20:08:27,140 - INFO - Step 2000 | Loss: N/A | Eval Loss: 2.3787 | Learning Rate: N/A
2025-03-05 20:08:27,514 - INFO - Inference at step 2000 | Prompt: 'Европа ' | Generated: Европа  по поводу Украины МОСКВА, 12 фев - РИА Новости. Глава МИД России Сергей Лавров выступил на оперативном совещании в формате видеоконференции с главами МИД стран Евросоюза.
« "В ходе совещания глав МИД ряда европейских государств-членов и
2025-03-05 20:11:00,135 - INFO - Step 2100 | Loss: 2.3096 | Eval Loss: N/A | Learning Rate: 4.00e-04
2025-03-05 20:13:49,111 - INFO - Step 2200 | Loss: 2.2966 | Eval Loss: N/A | Learning Rate: 3.90e-04
2025-03-05 20:16:05,222 - INFO - Step 2250 | Loss: N/A | Eval Loss: 2.3461 | Learning Rate: N/A
2025-03-05 20:16:05,576 - INFO - Inference at step 2250 | Prompt: 'Европа ' | Generated: Европа ", — сказал он.
Ушаков: Россия и Белоруссия не раз заявляли о желании сохранить сотрудничество в энергетике БРЭЛЛК МОСКВА, 26 авг — РИА Новости. В Москве настроены на дальнейшее упрочение сотрудничества в энергети
2025-03-05 20:17:21,774 - INFO - Step 2300 | Loss: 2.3021 | Eval Loss: N/A | Learning Rate: 3.79e-04
2025-03-05 20:20:13,359 - INFO - Step 2400 | Loss: 2.2987 | Eval Loss: N/A | Learning Rate: 3.68e-04
2025-03-05 20:23:05,529 - INFO - Step 2500 | Loss: 2.2848 | Eval Loss: N/A | Learning Rate: 3.57e-04
2025-03-05 20:24:01,234 - INFO - Step 2500 | Loss: N/A | Eval Loss: 2.3336 | Learning Rate: N/A
2025-03-05 20:24:01,598 - INFO - Inference at step 2500 | Prompt: 'Европа ' | Generated: Европа  и международные организации в целом", — добавил он.
После вступления в должность Трамп назначил экс-президентов США, Зеленского своим помощником. Он также ввел новые санкции и пошлины на продукцию из Европейского союза. Кроме того, обложил налоговыми пошлинами
2025-03-05 20:26:33,752 - INFO - Step 2600 | Loss: 2.2891 | Eval Loss: N/A | Learning Rate: 3.46e-04
2025-03-05 20:29:02,970 - INFO - Step 2700 | Loss: 2.0660 | Eval Loss: N/A | Learning Rate: 3.34e-04
2025-03-05 20:31:17,748 - INFO - Step 2750 | Loss: N/A | Eval Loss: 2.3285 | Learning Rate: N/A
2025-03-05 20:31:18,137 - INFO - Inference at step 2750 | Prompt: 'Европа ' | Generated: Европа ", — говорится в материале.
В статье отмечается, что решение ЕС прекратить военную помощь не будет одобрено Вашингтоном, поскольку его не устраивает конфликт на Украине, в котором он не участвует.
"В отличие от других стран ЕС или от Европы,
2025-03-05 20:32:36,500 - INFO - Step 2800 | Loss: 2.0515 | Eval Loss: N/A | Learning Rate: 3.22e-04
2025-03-05 20:35:08,990 - INFO - Step 2900 | Loss: 2.0622 | Eval Loss: N/A | Learning Rate: 3.10e-04
2025-03-05 20:37:40,413 - INFO - Step 3000 | Loss: 2.0678 | Eval Loss: N/A | Learning Rate: 2.98e-04
2025-03-05 20:38:36,428 - INFO - Step 3000 | Loss: N/A | Eval Loss: 2.3240 | Learning Rate: N/A
2025-03-05 20:38:36,774 - INFO - Inference at step 3000 | Prompt: 'Европа ' | Generated: Европа  не хочет тратить много времени на санкции. Киевскую власть выставила Зеленского в неудобном свете, считает британский эксперт Александр Меркурис.
"Он ведет образ в глазах мира. Он хочет его продолжать. Но на словах пытается убедить американцев, что он
2025-03-05 20:41:08,314 - INFO - Step 3100 | Loss: 2.0633 | Eval Loss: N/A | Learning Rate: 2.85e-04
2025-03-05 20:43:38,197 - INFO - Step 3200 | Loss: 2.0569 | Eval Loss: N/A | Learning Rate: 2.73e-04
2025-03-05 20:45:47,405 - INFO - Step 3250 | Loss: N/A | Eval Loss: 2.2994 | Learning Rate: N/A
2025-03-05 20:45:47,747 - INFO - Inference at step 3250 | Prompt: 'Европа ' | Generated: Европа  по поводу нового пакета помощи Украине МОСКВА, 14 фев — РИА Новости. НАТО может принять на Украине новый, более сильный пакет военной помощи, заявил бывший советник Леонида Кучмы Олег Соскин в интервью YouTube-каналу T1.
« "С
2025-03-05 20:47:03,426 - INFO - Step 3300 | Loss: 2.0806 | Eval Loss: N/A | Learning Rate: 2.60e-04
2025-03-05 20:49:33,325 - INFO - Step 3400 | Loss: 2.0639 | Eval Loss: N/A | Learning Rate: 2.48e-04
2025-03-05 20:52:05,890 - INFO - Step 3500 | Loss: 2.0624 | Eval Loss: N/A | Learning Rate: 2.35e-04
2025-03-05 20:53:00,726 - INFO - Step 3500 | Loss: N/A | Eval Loss: 2.2747 | Learning Rate: N/A
2025-03-05 20:53:01,125 - INFO - Inference at step 3500 | Prompt: 'Европа ' | Generated: Европа  хочет продолжать войну. Она хочет, чтобы Польша смогла выиграть эту войну, хочет, чтобы в ЕС начались мирные переговоры. А значит, чтобы Польша забрала себя, хочет мира. На этом ее продолжать войну, хочет продолжения войны. Зеленский, хочет ее продолжения
2025-03-05 20:55:50,887 - INFO - Step 3600 | Loss: 2.0490 | Eval Loss: N/A | Learning Rate: 2.23e-04
2025-03-05 20:58:42,370 - INFO - Step 3700 | Loss: 2.0533 | Eval Loss: N/A | Learning Rate: 2.10e-04
2025-03-05 21:01:06,497 - INFO - Step 3750 | Loss: N/A | Eval Loss: 2.2556 | Learning Rate: N/A
2025-03-05 21:01:06,849 - INFO - Inference at step 3750 | Prompt: 'Европа ' | Generated: Европа  "постоянно выступает в качестве гаранта будущего". По его словам, главная задача Запада — ухудшить жизнь миллионов людей.
Пресс-канал CNN 22 февраля сообщил, что Трамп намерен провести встречу с Зеленским в Мюнхене, Зеленский
2025-03-05 21:02:35,130 - INFO - Step 3800 | Loss: 2.0387 | Eval Loss: N/A | Learning Rate: 1.98e-04
2025-03-05 21:05:09,903 - INFO - Step 3900 | Loss: 2.0377 | Eval Loss: N/A | Learning Rate: 1.86e-04
2025-03-05 21:07:46,251 - INFO - Step 4000 | Loss: 1.8462 | Eval Loss: N/A | Learning Rate: 1.74e-04
2025-03-05 21:08:41,711 - INFO - Step 4000 | Loss: N/A | Eval Loss: 2.2760 | Learning Rate: N/A
2025-03-05 21:08:42,065 - INFO - Inference at step 4000 | Prompt: 'Европа ' | Generated: Европа 
По данным портала Europa Press, в ЕС действуют около 4 тысяч евроских санкций в отношении России.
Пленный агент, сбежавший из Суджи Курской области рассказал, что убил трех украинских военных КУРСК, 25 янв - РИА
2025-03-05 21:11:25,298 - INFO - Step 4100 | Loss: 1.8144 | Eval Loss: N/A | Learning Rate: 1.62e-04
2025-03-05 21:13:56,407 - INFO - Step 4200 | Loss: 1.8277 | Eval Loss: N/A | Learning Rate: 1.50e-04
2025-03-05 21:16:04,137 - INFO - Step 4250 | Loss: N/A | Eval Loss: 2.2711 | Learning Rate: N/A
2025-03-05 21:16:04,498 - INFO - Inference at step 4250 | Prompt: 'Европа ' | Generated: Европа  в 2023 году впервые за десять лет лишилась половины объемов двустороннего экспорта нефтепродуктов МОСКВА, 9 дек — РИА Новости. С января — РИА Новости. Западное побережье Мексики оттокй экономики России через Черное море в 2023 год
2025-03-05 21:17:19,553 - INFO - Step 4300 | Loss: 1.8297 | Eval Loss: N/A | Learning Rate: 1.39e-04
2025-03-05 21:19:47,851 - INFO - Step 4400 | Loss: 1.8166 | Eval Loss: N/A | Learning Rate: 1.28e-04
2025-03-05 21:22:18,199 - INFO - Step 4500 | Loss: 1.8211 | Eval Loss: N/A | Learning Rate: 1.17e-04
2025-03-05 21:23:09,409 - INFO - Step 4500 | Loss: N/A | Eval Loss: 2.2482 | Learning Rate: N/A
2025-03-05 21:23:09,767 - INFO - Inference at step 4500 | Prompt: 'Европа ' | Generated: Европа  газа, сообщил глава Еврокомиссии Урсула фон дер Ляйен в интервью телеканалу ZDF.
"Мы, Европейропа, Европа, Европа и сама хотят, чтобы газ, у нас есть, если он придет, чтобы газ был
2025-03-05 21:25:39,906 - INFO - Step 4600 | Loss: 1.8149 | Eval Loss: N/A | Learning Rate: 1.07e-04
2025-03-05 21:28:09,349 - INFO - Step 4700 | Loss: 1.8137 | Eval Loss: N/A | Learning Rate: 9.66e-05
2025-03-05 21:30:15,229 - INFO - Step 4750 | Loss: N/A | Eval Loss: 2.2329 | Learning Rate: N/A
2025-03-05 21:30:15,561 - INFO - Inference at step 4750 | Prompt: 'Европа ' | Generated: Европа  и  без США. При этом в интервью РИА Новости председатель КНР Си Цзиньпин подчеркнул, что Пекин продолжит диалог с Вашингтоном по урегулированию украинского кризиса, а также  по поводу статуса и безопасности, добавив, что надеется на совместную дискуссию
2025-03-05 21:31:31,589 - INFO - Step 4800 | Loss: 1.8175 | Eval Loss: N/A | Learning Rate: 8.69e-05
2025-03-05 21:34:00,132 - INFO - Step 4900 | Loss: 1.8149 | Eval Loss: N/A | Learning Rate: 7.76e-05
2025-03-05 21:36:27,511 - INFO - Step 5000 | Loss: 1.8013 | Eval Loss: N/A | Learning Rate: 6.87e-05
2025-03-05 21:37:21,006 - INFO - Step 5000 | Loss: N/A | Eval Loss: 2.2191 | Learning Rate: N/A
2025-03-05 21:37:21,354 - INFO - Inference at step 5000 | Prompt: 'Европа ' | Generated: Европа  по-прежнему "сдерживается" от пошлин на импорт российского СПГ, но с учетом планов США по снижению цен на него, а Венгрия предлагает сохранить квоты для стабильных и недискриминационных ограничений.
Официальный
2025-03-05 21:39:51,488 - INFO - Step 5100 | Loss: 1.7989 | Eval Loss: N/A | Learning Rate: 6.03e-05
2025-03-05 21:42:21,200 - INFO - Step 5200 | Loss: 1.8026 | Eval Loss: N/A | Learning Rate: 5.24e-05
2025-03-05 21:44:28,095 - INFO - Step 5250 | Loss: N/A | Eval Loss: 2.2456 | Learning Rate: N/A
2025-03-05 21:44:28,465 - INFO - Inference at step 5250 | Prompt: 'Европа ' | Generated: Европа  не станет исключением, поскольку это позволит ему продолжать доминировать на международной арене и не приведет к развалу НАТО, заявил глава МИД РФ Сергей Лавров.
« "Вместе с тем в нынешнем конфликте на поле боя на поле боя уже давно не так просто
2025-03-05 21:45:52,398 - INFO - Step 5300 | Loss: 1.6750 | Eval Loss: N/A | Learning Rate: 4.50e-05
2025-03-05 21:48:26,387 - INFO - Step 5400 | Loss: 1.6556 | Eval Loss: N/A | Learning Rate: 3.81e-05
2025-03-05 21:51:15,559 - INFO - Step 5500 | Loss: 1.6618 | Eval Loss: N/A | Learning Rate: 3.17e-05
2025-03-05 21:52:14,893 - INFO - Step 5500 | Loss: N/A | Eval Loss: 2.2409 | Learning Rate: N/A
2025-03-05 21:52:15,277 - INFO - Inference at step 5500 | Prompt: 'Европа ' | Generated: Европа?" — задался вопросом политик.
Ранее британская газета The Telegraph со ссылкой на источники в британском правительстве сообщила, что Киев может предложить новый план США, предусматривающий признание только двух полов — мужского и женского.
Алек
